// Jest Snapshot v1, https://goo.gl/fbAQLP

exports[`SnoozeItem shows the proper SnoozeItem 1`] = `
<DocumentFragment>
  <div
    class="MuiPaper-root MuiPaper-elevation MuiPaper-elevation0 MuiCard-root css-tu5f03-MuiPaper-root-MuiCard-root"
    status="SNOOZE_STATUS_PENDING"
  >
    <div
      class="MuiCardHeader-root css-rqthld-MuiCardHeader-root"
    >
      <div
        class="MuiCardHeader-content css-1qbkelo-MuiCardHeader-content"
      >
        <span
          class="MuiTypography-root MuiTypography-body1 MuiCardHeader-subheader css-1xt7grh-MuiTypography-root"
        >
          <div
            class="MuiBox-root css-1xhj18k"
          >
            <svg
              aria-hidden="true"
              class="MuiSvgIcon-root MuiSvgIcon-fontSizeMedium css-i4bv87-MuiSvgIcon-root"
              data-testid="BusinessIcon"
              focusable="false"
              viewBox="0 0 24 24"
            >
              <path
                d="M12 7V3H2v18h20V7H12zM6 19H4v-2h2v2zm0-4H4v-2h2v2zm0-4H4V9h2v2zm0-4H4V5h2v2zm4 12H8v-2h2v2zm0-4H8v-2h2v2zm0-4H8V9h2v2zm0-4H8V5h2v2zm10 12h-8v-2h2v-2h-2v-2h2v-2h-2V9h8v10zm-2-8h-2v2h2v-2zm0 4h-2v2h2v-2z"
              />
            </svg>
            <div
              class="MuiBox-root css-15fzge"
            >
              <h6
                class="MuiTypography-root MuiTypography-subtitle1 css-1ayqy7m-MuiTypography-root"
              >
                owner
              </h6>
            </div>
          </div>
        </span>
      </div>
    </div>
    <div
      class="MuiCardContent-root css-1yehjro-MuiCardContent-root"
    >
      <div
        class="MuiBox-root css-69i1ev"
      >
        <a
          class="MuiTypography-root MuiTypography-body1 MuiLink-root MuiLink-underlineAlways css-u4a50l-MuiTypography-root-MuiLink-root"
          href="https://github.com/owner/repo/pull/7"
          target="_blank"
        >
          https://github.com/owner/repo/pull/7
        </a>
        <div>
          <button
            class="MuiButtonBase-root MuiIconButton-root MuiIconButton-colorSecondary MuiIconButton-sizeMedium css-ynscgk-MuiButtonBase-root-MuiIconButton-root"
            tabindex="0"
            type="button"
          >
            <svg
              aria-hidden="true"
              class="MuiSvgIcon-root MuiSvgIcon-fontSizeMedium css-i4bv87-MuiSvgIcon-root"
              data-testid="CancelIcon"
              focusable="false"
              viewBox="0 0 24 24"
            >
              <path
                d="M12 2C6.47 2 2 6.47 2 12s4.47 10 10 10 10-4.47 10-10S17.53 2 12 2zm5 13.59L15.59 17 12 13.41 8.41 17 7 15.59 10.59 12 7 8.41 8.41 7 12 10.59 15.59 7 17 8.41 13.41 12 17 15.59z"
              />
            </svg>
            <span
              class="MuiTouchRipple-root css-8je8zh-MuiTouchRipple-root"
            />
          </button>
        </div>
      </div>
      <h6
        class="MuiTypography-root MuiTypography-subtitle1 css-i5mk92-MuiTypography-root"
      >
        Scheduled for Jul 28 2022 10:00
      </h6>
    </div>
  </div>
</DocumentFragment>
`;
